// Jest Snapshot v1, https://goo.gl/fbAQLP

exports[`RedFlag test suite renders correctly 1`] = `
<MemoryRouter>
  <Router
    history={
      Object {
        "action": "POP",
        "block": [Function],
        "canGo": [Function],
        "createHref": [Function],
        "entries": Array [
          Object {
            "hash": "",
            "key": "d0v8pz",
            "pathname": "/",
            "search": "",
            "state": undefined,
          },
        ],
        "go": [Function],
        "goBack": [Function],
        "goForward": [Function],
        "index": 0,
        "length": 1,
        "listen": [Function],
        "location": Object {
          "hash": "",
          "key": "d0v8pz",
          "pathname": "/",
          "search": "",
          "state": undefined,
        },
        "push": [Function],
        "replace": [Function],
      }
    }
  >
    <RedFlag
      redFlag={
        Object {
          "comment": "Political corruption is a persistent phenomenon in Nigeria.",
          "corruption_date": "2019-01-22T00:00:00.000Z",
          "corruption_methods": Array [
            "Bribery",
            " Abuse of power",
          ],
          "created_by": 1,
          "created_on": "2019-01-29T00:00:00.000Z",
          "entity_involved": Array [
            "custom Officer",
            " police",
          ],
          "id": 20,
          "images": Array [
            "image1",
            " image2",
          ],
          "location": "6.605874, 3.349149",
          "names_involved": Array [
            "Jane doe",
            " John Bull",
          ],
          "status": "Under Investigation",
          "videos": Array [
            "video1",
            " video2",
          ],
        }
      }
    >
      <div
        className="wrapper"
      >
        <div
          className="first-incident-container"
        >
          <div
            className="jumbotron"
          >
            <div
              className="title-container"
            >
              <h2>
                Red-flag Report
              </h2>
            </div>
          </div>
          <div
            className="incident-container"
            id="single-red-flag"
          >
            <div
              className="incident-image-lg"
              id="image-container"
            >
              <Image
                alt="red-flag incident"
                src="http://lorempixel.com/400/400"
              >
                <img
                  alt="red-flag incident"
                  className="red-flag-image"
                  src="http://lorempixel.com/400/400"
                />
              </Image>
            </div>
            <div
              className="author"
              id="created-by"
            >
              <em
                id="created-on"
              >
                Tue Jan 29 2019
              </em>
            </div>
            <div
              className="location"
            >
              <p
                id="location-paragraph"
              >
                Location:
                <span>
                  <em
                    id="lacation-span-em"
                  >
                    Jane doe
                  </em>
                </span>
              </p>
            </div>
            <iframe
              allowFullScreen={true}
              className="map"
              frameBorder="0"
              src="https://maps.google.com/maps?q=Jane doe&output=embed&hl=en;z=20"
              title="Jane doe"
            />
            <div
              className="status"
            >
              <p>
                Status:
                 
                <span>
                  <em
                    id="statusEm"
                  >
                    Under Investigation
                  </em>
                </span>
              </p>
            </div>
            <div
              className="comment"
            >
              <h4
                id="corruption-methods"
              >
                Bribery,  Abuse of power
              </h4>
              <p
                id="corruption-date"
              >
                corruption Date/Period: Tue Jan 29 2019
              </p>
              <p
                id="main-comment"
              >
                Political corruption is a persistent phenomenon in Nigeria.
              </p>
            </div>
          </div>
        </div>
      </div>
    </RedFlag>
  </Router>
</MemoryRouter>
`;
